// Jest Snapshot v1, https://goo.gl/fbAQLP

exports[`StoryBox renders correctly 1`] = `
<View
  accessible={true}
  focusable={true}
  onClick={[Function]}
  onResponderGrant={[Function]}
  onResponderMove={[Function]}
  onResponderRelease={[Function]}
  onResponderTerminate={[Function]}
  onResponderTerminationRequest={[Function]}
  onStartShouldSetResponder={[Function]}
  style={
    Object {
      "alignItems": "center",
      "backgroundColor": "#4D8E6B",
      "borderRadius": 20,
      "justifyContent": "center",
      "opacity": 1,
      "padding": 10,
    }
  }
>
  <Text
    style={
      Object {
        "color": "white",
        "fontFamily": "Oxygen-Bold",
        "fontSize": 12,
        "justifyContent": "center",
      }
    }
  >
    Text
  </Text>
</View>
`;
